AD_FILE:=S002_BIZ_AD_FILE_D
AD_PROGRAM:=S002_BIZ_AD_PROGRAM_D
AD_SCHEDULE:=S002_EVT_AD_SCHEDULE_D
FATRI_ACCESSORY:=S002_FATRI_ACCESSORY_D
FATRI_ACCESSORY_APPLY:=S002_DEV_FATRI_ACCESSORY_APPLY_D
FATRI_ACCESSORY_TEMPLATE:=S002_BIZ_FATRI_ACCESSORY_TEMPLATE_D
FATRI_ALARM:=S002_EVT_FATRI_ALARM_D
FATRI_CAMERA:=S002_DEV_FATRI_CAMERA_D
FATRI_COMMUNITY:=S002_BIZ_FATRI_COMMUNITY_D
FATRI_COMMUNITY_MAINTAINER_MAP:=S002_BIZ_FATRI_COMMUNITY_MAINTAINER_MAP_D
FATRI_COMPANY:=S002_ORG_FATRI_COMPANY_D
FATRI_CONTRACT:=S002_AGM_FATRI_CONTRACT_D
FATRI_DEVICE:=S002_DEV_FATRI_DEVICE_D
FATRI_DEVICE_LOG:=S002_EVT_FATRI_DEVICE_LOG_D
FATRI_DEVICE_NET:=S002_EVT_FATRI_DEVICE_NET_D
FATRI_DEVICE_SETTING:=S002_DEV_FATRI_DEVICE_SETTING_D
FATRI_DEVICE_STATUS:=S002_EVT_FATRI_DEVICE_STATUS_D
FATRI_DEVICE_SYN:=S002_EVT_FATRI_DEVICE_SYN_D
FATRI_DEVICE_VERSION:=S002_DEV_FATRI_DEVICE_VERSION_D
FATRI_DEVICE_WARN:=S002_EVT_FATRI_DEVICE_WARN_D
FATRI_DICTIONARY:=S002_DIM_FATRI_DICTIONARY_D
FATRI_DISPLAY:=S002_BIZ_FATRI_DISPLAY_D
FATRI_DOCUMENT:=S002_BIZ_FATRI_DOCUMENT_D
FATRI_ELEVATOR:=S002_DEV_FATRI_ELEVATOR_D
FATRI_ELEVATOR_BRAND:=S002_DIM_FATRI_ELEVATOR_BRAND_D
FATRI_ELEVATOR_HEALTH_HISTORY:=S002_EVT_FATRI_ELEVATOR_HEALTH_HISTORY_D
FATRI_ELEVATOR_MANUFACTURER:=S002_DIM_FATRI_ELEVATOR_MANUFACTURER_D
FATRI_ELEVATOR_TYPE:=S002_DIM_FATRI_ELEVATOR_TYPE_D
FATRI_EVENT:=S002_EVT_FATRI_EVENT_D
FATRI_FAULT:=S002_EVT_FATRI_FAULT_D
FATRI_FAULT_PUSH_SETTING:=S002_BIZ_FATRI_FAULT_PUSH_SETTING_D
FATRI_FAULT_TYPE:=S002_DIM_FATRI_FAULT_TYPE_D
FATRI_FIRMWARE:=S002_DEV_FATRI_FIRMWARE_D
FATRI_FIX_ORDER:=S002_AGM_FATRI_FIX_ORDER_D
FATRI_FUNCTION:=S002_SYS_FATRI_FUNCTION_D
FATRI_INDEX:=S002_SYS_FATRI_INDEX_D
FATRI_LOCATION:=S002_DIM_FATRI_LOCATION_D
FATRI_MACHINE_ROOM:=S002_BIZ_FATRI_MACHINE_ROOM_D
FATRI_MAINTAIN:=S002_EVT_FATRI_MAINTAIN_D
FATRI_MAINTAIN_ITEM:=S002_DIM_FATRI_MAINTAIN_ITEM_D
FATRI_MAINTAIN_PUSH_SETTING:=S002_BIZ_FATRI_MAINTAIN_PUSH_SETTING_D
FATRI_MAINTAINER_HOLIDAY:=S002_EVT_FATRI_MAINTAINER_HOLIDAY_D
FATRI_MERCHANT:=S002_ORG_FATRI_MERCHANT_D
FATRI_MERCHANT_DATA_MAP:=S002_SYS_FATRI_MERCHANT_DATA_MAP_D
FATRI_MERCHANT_PARAM:=S002_SYS_FATRI_MERCHANT_PARAM_D
FATRI_OPERATION:=S002_SYS_FATRI_OPERATION_D
FATRI_ORDER:=S002_AGM_FATRI_ORDER_D
FATRI_PRODUCT_DATA_MAP:=S002_EVT_FATRI_PRODUCT_DATA_MAP_D
FATRI_PUSH_PROVIDER:=S002_BIZ_FATRI_PUSH_PROVIDER_D
FATRI_RESCUE:=S002_EVT_FATRI_RESCUE_D
FATRI_ROLE:=S002_SYS_FATRI_ROLE_D
FATRI_ROLE_FUNCTION_MAP:=S002_SYS_FATRI_ROLE_FUNCTION_MAP_D
FATRI_RUNNING_STAT:=S002_EVT_FATRI_RUNNING_STAT_D
FATRI_SAMPLE_DAY:=S002_DIM_FATRI_SAMPLE_DAY_D
FATRI_THIRD_GROUP:=S002_BIZ_FATRI_THIRD_GROUP_D
FATRI_THIRD_GROUP_MAP:=S002_BIZ_FATRI_THIRD_GROUP_MAP_D
FATRI_UPGRADE:=S002_EVT_FATRI_UPGRADE_D
FATRI_USER:=S002_USR_FATRI_USER_D
FATRI_USER_PARAM:=S002_USR_FATRI_USER_PARAM_D
FATRI_USER_ROLE_MAP:=S002_USR_FATRI_USER_ROLE_MAP_D
FATRI_VIDEO_CALL:=S003_EVT_FATRI_VIDEO_CALL_D